// Jest Snapshot v1, https://goo.gl/fbAQLP

exports[`ArticleList displays a list of articles 1`] = `Promise {}`;
